// Jest Snapshot v1, https://goo.gl/fbAQLP

exports[`Home should render correctly 1`] = `
<section
  className="sc-dnqmqq hVJGqg"
>
  <h1
    className="sc-iwsKbI hQtdHY"
  >
    My Transactions
  </h1>
  <div
    className="sc-gZMcBi chlcBJ"
  >
    <div
      className="sc-gqjmRU gpNulM"
    >
      <button
        className="sc-bdVaJa FuSKv"
        disabled={true}
        onClick={[Function]}
        type="button"
      >
        + Credit
      </button>
      <button
        className="sc-bdVaJa eRvfdK"
        disabled={true}
        onClick={[Function]}
        type="button"
      >
        - Debit
      </button>
    </div>
  </div>
  <div
    className="sc-gzVnrw tDqEr"
  >
    <p
      className="sc-htoDjs hOutTw"
    >
      Total: 
      $ 0,00
    </p>
  </div>
  <div
    className="sc-VigVT hYBClO"
  >
    <ol
      className="sc-htpNat gRaolP"
    />
  </div>
</section>
`;
