// Jest Snapshot v1, https://goo.gl/fbAQLP

exports[`Home should render correctly 1`] = `
<section
  className="sc-ifAKCX bMIgkK"
>
  <div
    className="sc-EHOje jzrzrp"
  >
    <div
      className="sc-bZQynM hjHjiY"
    >
      <button
        className="sc-bdVaJa aajhJ"
        onClick={[Function]}
        type="button"
      >
        + Credit
      </button>
      <button
        className="sc-bdVaJa bEifWJ"
        onClick={[Function]}
        type="button"
      >
        - Debit
      </button>
    </div>
  </div>
  <div
    className="sc-gzVnrw hkMjPv"
  >
    <ul
      className="sc-htpNat fyjIhF"
    />
  </div>
</section>
`;
